
> greygen@0.0.0 test:e2e
> playwright test

[WebServer] (!) Your Vite config uses features that are unsupported by `configLoader: 'native'`, which is planned to become the default in a future major version of Vite:
[WebServer]   - import "./src/pwa/serviceWorkerSource" without a file extension (vite.config.ts:8:8). Add the file extension
[WebServer] Set `VITE_CONFIG_NATIVE_IGNORE_WARNING=true` to suppress this warning.

Running 27 tests using 1 worker
××F
::error file=e2e/accessibility.spec.ts,title=[chromium] › e2e/accessibility.spec.ts:92:1 › core controls expose semantic names, visible focus, and keyboard fine/coarse adjustment,line=114,col=22::  1) [chromium] › e2e/accessibility.spec.ts:92:1 › core controls expose semantic names, visible focus, and keyboard fine/coarse adjustment %0A    Error: expect(locator).toBeFocused() failed%0A%0A    Locator:  getByRole('button', { name: 'Stop audio' })%0A    Expected: focused%0A    Received: inactive%0A    Timeout:  5000ms%0A%0A    Call log:%0A      - Expect "toBeFocused" getByRole('button', { name: 'Stop audio' }) with timeout 5000ms%0A      - waiting for getByRole('button', { name: 'Stop audio' })%0A        14 × locator resolved to <button type="button" class="primary-action" aria-describedby="audio-status-note">Stop audio</button>%0A           - unexpected value "inactive"%0A%0A%0A      112 |   await expect(page.getByText('Running', { exact: true })).toBeVisible()%0A      113 |   const stop = page.getByRole('button', { name: 'Stop audio' })%0A    > 114 |   await expect(stop).toBeFocused()%0A          |                      ^%0A      115 |   await page.keyboard.press('Enter')%0A      116 |   await expect(page.getByText('Stopped', { exact: true })).toBeVisible()%0A      117 |%0A        at /home/runner/work/greygen/greygen/e2e/accessibility.spec.ts:114:22
::error file=e2e/accessibility.spec.ts,title=[chromium] › e2e/accessibility.spec.ts:92:1 › core controls expose semantic names, visible focus, and keyboard fine/coarse adjustment,line=114,col=22::  1) [chromium] › e2e/accessibility.spec.ts:92:1 › core controls expose semantic names, visible focus, and keyboard fine/coarse adjustment %0A%0A    Retry #1 ───────────────────────────────────────────────────────────────────────────────────────%0A    Error: expect(locator).toBeFocused() failed%0A%0A    Locator:  getByRole('button', { name: 'Stop audio' })%0A    Expected: focused%0A    Received: inactive%0A    Timeout:  5000ms%0A%0A    Call log:%0A      - Expect "toBeFocused" getByRole('button', { name: 'Stop audio' }) with timeout 5000ms%0A      - waiting for getByRole('button', { name: 'Stop audio' })%0A        14 × locator resolved to <button type="button" class="primary-action" aria-describedby="audio-status-note">Stop audio</button>%0A           - unexpected value "inactive"%0A%0A%0A      112 |   await expect(page.getByText('Running', { exact: true })).toBeVisible()%0A      113 |   const stop = page.getByRole('button', { name: 'Stop audio' })%0A    > 114 |   await expect(stop).toBeFocused()%0A          |                      ^%0A      115 |   await page.keyboard.press('Enter')%0A      116 |   await expect(page.getByText('Stopped', { exact: true })).toBeVisible()%0A      117 |%0A        at /home/runner/work/greygen/greygen/e2e/accessibility.spec.ts:114:22
::error file=e2e/accessibility.spec.ts,title=[chromium] › e2e/accessibility.spec.ts:92:1 › core controls expose semantic names, visible focus, and keyboard fine/coarse adjustment,line=114,col=22::  1) [chromium] › e2e/accessibility.spec.ts:92:1 › core controls expose semantic names, visible focus, and keyboard fine/coarse adjustment %0A%0A    Retry #2 ───────────────────────────────────────────────────────────────────────────────────────%0A    Error: expect(locator).toBeFocused() failed%0A%0A    Locator:  getByRole('button', { name: 'Stop audio' })%0A    Expected: focused%0A    Received: inactive%0A    Timeout:  5000ms%0A%0A    Call log:%0A      - Expect "toBeFocused" getByRole('button', { name: 'Stop audio' }) with timeout 5000ms%0A      - waiting for getByRole('button', { name: 'Stop audio' })%0A        14 × locator resolved to <button type="button" class="primary-action" aria-describedby="audio-status-note">Stop audio</button>%0A           - unexpected value "inactive"%0A%0A%0A      112 |   await expect(page.getByText('Running', { exact: true })).toBeVisible()%0A      113 |   const stop = page.getByRole('button', { name: 'Stop audio' })%0A    > 114 |   await expect(stop).toBeFocused()%0A          |                      ^%0A      115 |   await page.keyboard.press('Enter')%0A      116 |   await expect(page.getByText('Stopped', { exact: true })).toBeVisible()%0A      117 |%0A        at /home/runner/work/greygen/greygen/e2e/accessibility.spec.ts:114:22
··························

  1) [chromium] › e2e/accessibility.spec.ts:92:1 › core controls expose semantic names, visible focus, and keyboard fine/coarse adjustment 

    Error: expect(locator).toBeFocused() failed

    Locator:  getByRole('button', { name: 'Stop audio' })
    Expected: focused
    Received: inactive
    Timeout:  5000ms

    Call log:
      - Expect "toBeFocused" getByRole('button', { name: 'Stop audio' }) with timeout 5000ms
      - waiting for getByRole('button', { name: 'Stop audio' })
        14 × locator resolved to <button type="button" class="primary-action" aria-describedby="audio-status-note">Stop audio</button>
           - unexpected value "inactive"


      112 |   await expect(page.getByText('Running', { exact: true })).toBeVisible()
      113 |   const stop = page.getByRole('button', { name: 'Stop audio' })
    > 114 |   await expect(stop).toBeFocused()
          |                      ^
      115 |   await page.keyboard.press('Enter')
      116 |   await expect(page.getByText('Stopped', { exact: true })).toBeVisible()
      117 |
        at /home/runner/work/greygen/greygen/e2e/accessibility.spec.ts:114:22

    Error Context: test-results/accessibility-core-control-0e234-oard-fine-coarse-adjustment-chromium/error-context.md

    Retry #1 ───────────────────────────────────────────────────────────────────────────────────────

    Error: expect(locator).toBeFocused() failed

    Locator:  getByRole('button', { name: 'Stop audio' })
    Expected: focused
    Received: inactive
    Timeout:  5000ms

    Call log:
      - Expect "toBeFocused" getByRole('button', { name: 'Stop audio' }) with timeout 5000ms
      - waiting for getByRole('button', { name: 'Stop audio' })
        14 × locator resolved to <button type="button" class="primary-action" aria-describedby="audio-status-note">Stop audio</button>
           - unexpected value "inactive"


      112 |   await expect(page.getByText('Running', { exact: true })).toBeVisible()
      113 |   const stop = page.getByRole('button', { name: 'Stop audio' })
    > 114 |   await expect(stop).toBeFocused()
          |                      ^
      115 |   await page.keyboard.press('Enter')
      116 |   await expect(page.getByText('Stopped', { exact: true })).toBeVisible()
      117 |
        at /home/runner/work/greygen/greygen/e2e/accessibility.spec.ts:114:22

    Error Context: test-results/accessibility-core-control-0e234-oard-fine-coarse-adjustment-chromium-retry1/error-context.md

    attachment #2: trace (application/zip) ─────────────────────────────────────────────────────────
    test-results/accessibility-core-control-0e234-oard-fine-coarse-adjustment-chromium-retry1/trace.zip
    Usage:

        npx playwright show-trace test-results/accessibility-core-control-0e234-oard-fine-coarse-adjustment-chromium-retry1/trace.zip

    ────────────────────────────────────────────────────────────────────────────────────────────────

    Retry #2 ───────────────────────────────────────────────────────────────────────────────────────

    Error: expect(locator).toBeFocused() failed

    Locator:  getByRole('button', { name: 'Stop audio' })
    Expected: focused
    Received: inactive
    Timeout:  5000ms

    Call log:
      - Expect "toBeFocused" getByRole('button', { name: 'Stop audio' }) with timeout 5000ms
      - waiting for getByRole('button', { name: 'Stop audio' })
        14 × locator resolved to <button type="button" class="primary-action" aria-describedby="audio-status-note">Stop audio</button>
           - unexpected value "inactive"


      112 |   await expect(page.getByText('Running', { exact: true })).toBeVisible()
      113 |   const stop = page.getByRole('button', { name: 'Stop audio' })
    > 114 |   await expect(stop).toBeFocused()
          |                      ^
      115 |   await page.keyboard.press('Enter')
      116 |   await expect(page.getByText('Stopped', { exact: true })).toBeVisible()
      117 |
        at /home/runner/work/greygen/greygen/e2e/accessibility.spec.ts:114:22

    Error Context: test-results/accessibility-core-control-0e234-oard-fine-coarse-adjustment-chromium-retry2/error-context.md

  1 failed
    [chromium] › e2e/accessibility.spec.ts:92:1 › core controls expose semantic names, visible focus, and keyboard fine/coarse adjustment 
  26 passed (35.8s)
::notice title=🎭 Playwright Run Summary::  1 failed%0A    [chromium] › e2e/accessibility.spec.ts:92:1 › core controls expose semantic names, visible focus, and keyboard fine/coarse adjustment %0A  26 passed (35.8s)
